
> the_engine_sphere@0.1.0 build
> prisma generate && next build

Environment variables loaded from .env
Prisma schema loaded from prisma\schema.prisma
node.exe : Error: 
No linha:1 caractere:1
+ & "C:\Program Files\nodejs/node.exe" "C:\Users\rroli\AppData\Roaming\ ...
+ ~~~~~~~~~~~~~~~~~~~~~~~~~~~~~~~~~~~~~~~~~~~~~~~~~~~~~~~~~~~~~~~~~~~~~
    + CategoryInfo          : NotSpecified: (Error: :String) [], RemoteException
    + FullyQualifiedErrorId : NativeCommandError
 
EPERM: operation not permitted, rename 'C:\Users\rroli\.gemini\antigravity\scratch\the_engine_sphere\node_modul
es\.prisma\client\query_engine-windows.dll.node.tmp15092' -> 'C:\Users\rroli\.gemini\antigravity\scratch\the_en
gine_sphere\node_modules\.prisma\client\query_engine-windows.dll.node'


